Test Case:
- 1
    - Load Balancing:
        - BFS:
            - Explored: 7
            - Cost: 5
            - Depth: 1
            - Time: 0.25s 
        - UCS:
            - Explored: 17
            - Cost: 4
            - Depth: 1
            - Time: 0.94s
- 2
    - Load Balancing:
        - BFS:
            - Explored: 194
            - Cost: 13
            - Depth: 2
            - Time: 26.8s
        - UCS:
            - Explored: 153
            - Cost: 6
            - Depth: 2
            - Time: 23.9s
- 3
    - Load Balancing:
        - BFS:
            - Explored: 51
            - Cost: 8
            - Depth: 2
            - Time: 2.5s
        - UCS:
            - Explored: 844
            - Cost: 8
            - Depth: 2
            - Time: 43.3s



Transfer Operation
Test 1:
    - UCS:
        - Explored: 100
        - Cost: 11
        - Depth: 1
    - A*
        - Explored: 2 
        - Cost: 11
        - Depth: 1
Test 2:
    - UCS
        - Explored: 75 
        - Cost: 9
        - Depth: 1
    - A*
        - Explored: 38
        - Cost: 8
        - Depth: 1
Test 3:
    - UCS
        - Explored: 1865
        - Cost: 9
        - Depth: 1
    - A*
        - Explored: 2
        - Cost: 8
        - Depth: 1